// Jest Snapshot v1, https://goo.gl/fbAQLP

exports[`Author renders correctly 1`] = `
<div
  className="author"
>
  <p
    className="author__bio"
  >
    <span
      dangerouslySetInnerHTML={
        Object {
          "__html": "Test bio",
        }
      }
    />
  </p>
</div>
`;
